// Jest Snapshot v1, https://goo.gl/fbAQLP

exports[`Homepage component snapshot test renders correctly 1`] = `
<div
  className="sc-bdVaJa bg-white flex flex-column items-center justify-between w-100 vh-100 c-padding fePDys"
>
  <div
    className="flex flex-column items-center justify-center"
    id="homepage-top"
  >
    <h1
      className="pink tc montserrat"
    >
      Read Aloud Together
    </h1>
    <Link
      className="white"
      to="/Form1/"
    >
      <button
        className="sc-gzVnrw bg-pink hover-bg-yellow white pa2 br2 w-50 h3 f3 montserrat bBtqGg"
      >
        Get started
      </button>
    </Link>
  </div>
  <img
    alt="Cartoon of people reading a book"
    src="test-file-stub"
  />
</div>
`;
