// Jest Snapshot v1, https://goo.gl/fbAQLP

exports[`Label component snapshot test renders correctly 1`] = `
<label
  className="sc-bdVaJa pink montserrat fw7 f6 pv2 fpcbkF"
/>
`;
