// Jest Snapshot v1, https://goo.gl/fbAQLP

exports[`Button component snapshot test renders correctly 1`] = `
<button
  className="sc-bdVaJa bg-pink hover-bg-orange white pa2 br2 w-50 h3 f3 montserrat hbxQQf"
/>
`;
