// Jest Snapshot v1, https://goo.gl/fbAQLP

exports[`FormSection component snapshot test renders correctly 1`] = `
<section
  className="sc-bdVaJa jxafWn"
/>
`;
