// Jest Snapshot v1, https://goo.gl/fbAQLP

exports[`DropDownBox component snapshot test renders correctly 1`] = `
<select
  className="sc-bdVaJa montserrat w-100  mv2 pa2 w-90 bJCnal"
>
  <option
    value="18-24"
  >
    18-24
  </option>
  <option
    value="25-34"
  >
    25-34
  </option>
  <option
    value="35-44"
  >
    35-44
  </option>
  <option
    value="45-54"
  >
    45-54
  </option>
  <option
    value="55-64"
  >
    55-64
  </option>
  <option
    value="65-74"
  >
    65-74
  </option>
  <option
    value="75+"
  >
    75+
  </option>
</select>
`;
