// Jest Snapshot v1, https://goo.gl/fbAQLP

exports[`AsSeenOn component snapshot test renders correctly 1`] = `
<div
  className="sc-bdVaJa flex flex-column items-center justify-between ph4 ph6-ns pv4 page-padding montserrat w-100 jfBJLb"
>
  <h2
    className="f2 tc fw7"
    style={
      Object {
        "color": "#fd8181",
      }
    }
  >
    As seen on:
  </h2>
  <div
    className="w-100 flex items-center justify-center flex-column flex-row-l"
    id="logos"
  >
    <a
      href="https://www.gadgette.com/2018/06/17/read-with-audrey/"
      rel="noopener noreferrer"
      target="_blank"
    >
      <img
        alt="Gadgette logo"
        className="logo ma4"
        src="test-file-stub"
      />
    </a>
    <a
      href="https://lifehacker.com/why-you-should-read-a-book-with-a-stranger-1827717296"
      rel="noopener noreferrer"
      target="_blank"
    >
      <img
        alt="Lifehacker logo"
        className="logo ma4"
        src="test-file-stub"
      />
    </a>
    <a
      href="https://www.irishexaminer.com/breakingnews/technow/meet-audrey-the-online-book-app-where-users-read-aloud-to-one-another-854650.html"
      rel="noopener noreferrer"
      target="_blank"
    >
      <img
        alt="Irish Examiner logo"
        className="logo ma4"
        src="test-file-stub"
      />
    </a>
    <a
      href="https://www.thriveglobal.com/stories/36262-audrey"
      rel="noopener noreferrer"
      target="_blank"
    >
      <img
        alt="Thrive Global logo"
        className="logo ma4"
        src="test-file-stub"
      />
    </a>
  </div>
</div>
`;
