// Jest Snapshot v1, https://goo.gl/fbAQLP

exports[`TextArea component snapshot test renders correctly 1`] = `
<textarea
  className="sc-bdVaJa montserrat jqMHOR"
  rows="5"
/>
`;
