// Jest Snapshot v1, https://goo.gl/fbAQLP

exports[`InputBox component snapshot test renders correctly 1`] = `
<input
  className="sc-bdVaJa montserrat mv2 pa2 w-100 dtdCXZ"
/>
`;
