// Jest Snapshot v1, https://goo.gl/fbAQLP

exports[`Header component snapshot test renders correctly 1`] = `
<header
  className="sc-bdVaJa flex items-center justify-between ph3 montserrat white bg-green w-100 f3 chiVga"
>
  <div
    className="flex items-center"
    id="header-left"
  >
    <img
      alt="book icon"
      className="h2 ph2"
      src="test-file-stub"
    />
    <Link
      to="/"
    />
  </div>
  <Link
    className="w-third"
    to="/Form1/"
  >
    <button
      className="sc-gzVnrw bg-green hover-bg-pink pa2 mv2 white br2 w-100 f5 montserrat iQUxnM"
    >
      Join Us
    </button>
  </Link>
</header>
`;
