// Jest Snapshot v1, https://goo.gl/fbAQLP

exports[`Error span component snapshot test renders correctly 1`] = `
<span
  className="sc-bwzfXH bg-white pa2 mv2 red w-100 f5 montserrat jIEWCi"
/>
`;
