// Jest Snapshot v1, https://goo.gl/fbAQLP

exports[`RankingBox component snapshot test renders correctly 1`] = `
<section
  className="sc-bdVaJa montserrat f6 lh-copy mb3 loVMeJ"
>
  <input
    className="sc-bwzfXH ATnwa"
  />
  <span
    className="sc-htpNat ml1 pt1 jkbruQ"
  />
</section>
`;
