// Jest Snapshot v1, https://goo.gl/fbAQLP

exports[`Form1 page snapshot test renders correctly 1`] = `
Array [
  <header
    className="sc-bdVaJa flex items-center justify-between ph3 montserrat white bg-green w-100 f3 chiVga"
  >
    <div
      className="flex items-center"
      id="header-left"
    >
      <img
        alt="book icon"
        className="h2 ph2"
        src="test-file-stub"
      />
      <Link
        to="/"
      >
        Audrey
      </Link>
    </div>
    <Link
      className="w-third"
      to="/Form1/"
    >
      <button
        className="sc-bZQynM bg-green hover-bg-pink pa2 mv2 white br2 w-100 f5 montserrat krNSkU"
      >
        Join Us
      </button>
    </Link>
  </header>,
  <div
    className="flex flex-column items-center justify-center page-padding ph4"
  >
    <h1
      className="f2 pink tc montserrat mb3 mt4"
    >
      Your Details
    </h1>
    <section
      className="sc-chPdSV b--green jHBcBB"
    >
      <section
        className="sc-dnqmqq fl w-third bg-green montserrat icLxSS sc-htoDjs flex items-center fl w-third montserrat bg-moon-gray fw4 f5 mb3 fnsbPi"
      >
        1. Basic Details
      </section>
      <Link
        to="/Form2"
      >
        <section
          className="sc-htoDjs flex items-center fl w-third montserrat bg-moon-gray fw4 f5 mb3 fnsbPi"
        >
          2. Further Details
        </section>
      </Link>
      <Link
        to="/Form3"
      >
        <section
          className="sc-htoDjs flex items-center fl w-third montserrat bg-moon-gray fw4 f5 mb3 fnsbPi"
        >
          3. Your Bio
        </section>
      </Link>
      <p
        className="sc-jTzLTM montserrat f5 tc lh-copy dDfTnQ"
      >
        Welcome to Audrey, thank you for taking the steps to join our community.
      </p>
      <form
        action="http://localhost:5000/formPart1"
        method="POST"
      >
        <label
          className="sc-ifAKCX pink montserrat fw9 f5 pv2 kXFzZl"
        >
          First Name
        </label>
        <input
          className="sc-bxivhb montserrat mv2 pa2 w-100 hCZtbo"
          placeholder="Audrey"
        />
        <label
          className="sc-ifAKCX pink montserrat fw9 f5 pv2 kXFzZl"
        >
          Surname
        </label>
        <input
          className="sc-bxivhb montserrat mv2 pa2 w-100 hCZtbo"
          placeholder="Readerson"
        />
        <label
          className="sc-ifAKCX pink montserrat fw9 f5 pv2 kXFzZl"
        >
          Email Address
        </label>
        <input
          className="sc-bxivhb montserrat mv2 pa2 w-100 hCZtbo"
          placeholder="audrey@readwithaudrey.com"
        />
        <Link
          className="no-underline"
          to="/Form2"
        >
          <button
            className="sc-gzVnrw bg-pink hover-bg-orange white pa2 br2 w-50 h3 f3 mt4 center giBLup"
          >
            Continue
          </button>
        </Link>
      </form>
    </section>
  </div>,
  <footer
    className="sc-bwzfXH flex flex-column justify-center items-center montserrat bg-green w-100 bt bw2 b--green uTxCW"
  >
    <span
      className="sc-htpNat flex justify-around items-center bg-white black w-100  pa2 jbutSu"
    >
      Â© Audrey
      <Link
        className="no-underline black ph1"
        to="/terms/"
      >
        Terms
      </Link>
      <Link
        className="no-underline black ph1"
        to="/privacy/"
      >
        Privacy
      </Link>
      <Link
        className="no-underline black ph1"
        to="/contact/"
      >
        Contact
      </Link>
    </span>
  </footer>,
]
`;
