// Jest Snapshot v1, https://goo.gl/fbAQLP

exports[`Layout component snapshot test renders correctly 1`] = `
Array [
  <header
    className="sc-bdVaJa flex items-center justify-between ph3 pv2 montserrat white vw-100 f3 z-max bqQFjy"
  >
    <div
      className="flex items-center"
      id="header-left"
    >
      <Link
        to="/"
      >
        <img
          alt="book icon"
          className="h2 ph2"
          src="test-file-stub"
        />
      </Link>
      <Link
        to="/"
      >
        Audrey
      </Link>
    </div>
    <nav
      className="sc-bwzfXH w-65 w-40-l montserrat f4 gQAWUv"
    >
      <section
        className="sc-htpNat montserrat jQdasv"
      >
        <Link
          to="/why/"
        >
          Why?
        </Link>
        <Link
          to="/faq/"
        >
          Questions
        </Link>
        <Link
          to="/contact/"
        >
          Contact
        </Link>
        <a
          className="sc-EHOje white br2 ba bw1 b--white jbOSZe"
          href="/Form1"
        >
          Get Started
        </a>
      </section>
      <section
        className="sc-bxivhb igYaY"
      >
        <a
          className="dtc fr tr v-mid dn-ns p0-ns link dim white"
          onClick={[Function]}
        >
          <span
            className="db w2 mt1 mb2 bw2 pb2 bt bb b--white"
          />
          <span
            className="db w2 mt1 bw2 pb1 bt b--white"
          />
        </a>
      </section>
    </nav>
  </header>,
  <div
    className="page-padding ph4 ph7-ns vw-100 center mw9"
  />,
  <footer
    className="sc-bZQynM flex flex-column justify-center items-center montserrat w-100 bt bw2 mid-gray cYxVbM"
  >
    <span
      className="sc-gzVnrw flex justify-center items-center bg-white mid-gray w-100 pa2 hZtFAF"
    >
      <p
        className="mid-gray ph2 ph4-ns f5"
      >
        Â© Audrey
      </p>
      <Link
        className="no-underline mid-gray ph2 ph4-ns"
        to="/terms/"
      >
        Terms
      </Link>
      <Link
        className="no-underline mid-gray ph2 ph4-ns"
        to="/privacy/"
      >
        Privacy
      </Link>
      <Link
        className="no-underline mid-gray ph2 ph4-ns"
        to="/contact/"
      >
        Contact
      </Link>
    </span>
  </footer>,
]
`;
