// Jest Snapshot v1, https://goo.gl/fbAQLP

exports[`TextBox component snapshot test renders correctly 1`] = `
<p
  className="sc-bdVaJa montserrat f5 tc lh-copy kktwlW"
/>
`;
