// Jest Snapshot v1, https://goo.gl/fbAQLP

exports[`RadioButton component snapshot test renders correctly 1`] = `
<section
  className="sc-bdVaJa montserrat fw4 f5 pv1 kXCcmn"
>
  <input
    className="sc-bwzfXH gdcgOT"
    type="radio"
  />
  <span
    className="sc-htpNat hqmdqV"
  />
</section>
`;
