// Jest Snapshot v1, https://goo.gl/fbAQLP

exports[`StatusBar component snapshot test renders correctly 1`] = `
<section
  className="sc-bdVaJa fl w-third v-mid montserrat bg-moon-gray fw4 f6 mb3 bpnKgt"
/>
`;
